------------------------------------------------------------
Timing Analyzer Summary
------------------------------------------------------------

Type  : Slow 1100mV 85C Model Setup 'clk'
Slack : -3.644
TNS   : -110.588

Type  : Slow 1100mV 85C Model Hold 'clk'
Slack : 0.401
TNS   : 0.000

Type  : Slow 1100mV 85C Model Minimum Pulse Width 'clk'
Slack : -0.724
TNS   : -42.130

Type  : Slow 1100mV 0C Model Setup 'clk'
Slack : -3.701
TNS   : -111.056

Type  : Slow 1100mV 0C Model Hold 'clk'
Slack : 0.381
TNS   : 0.000

Type  : Slow 1100mV 0C Model Minimum Pulse Width 'clk'
Slack : -0.724
TNS   : -42.852

Type  : Fast 1100mV 85C Model Setup 'clk'
Slack : -0.943
TNS   : -22.590

Type  : Fast 1100mV 85C Model Hold 'clk'
Slack : 0.180
TNS   : 0.000

Type  : Fast 1100mV 85C Model Minimum Pulse Width 'clk'
Slack : -0.084
TNS   : -2.997

Type  : Fast 1100mV 0C Model Setup 'clk'
Slack : -0.791
TNS   : -18.687

Type  : Fast 1100mV 0C Model Hold 'clk'
Slack : 0.164
TNS   : 0.000

Type  : Fast 1100mV 0C Model Minimum Pulse Width 'clk'
Slack : -0.084
TNS   : -3.041

------------------------------------------------------------
